---
source: src/meta/parse.rs
expression: build
---
champion: Ahri
role: mid
availableRoles:
  - adc
  - jungle
  - mid
  - support
  - top
rank: diamond_plus
patch: "15.9"
winRate: 0.4991870605375958
games: 47359
startingItems:
  - id: 1056
    name: "Doran's Ring"
  - id: 2003
    name: Health Potion
  - id: 2003
    name: Health Potion
coreItems:
  - id: 3118
    name: Malignance
  - id: 3020
    name: "Sorcerer's Shoes"
  - id: 4645
    name: Shadowflame
  - id: 3089
    name: "Rabadon's Deathcap"
  - id: 3157
    name: "Zhonya's Hourglass"
  - id: 3135
    name: Void Staff
options:
  - id: 3175
    name: Imaginary Item
    winRate: 0.7249486418625884
    games: 4381
  - id: 3041
    name: "Mejai's Soulstealer"
    winRate: 0.8114195914091147
    games: 1909
skillOrder:
  - W
  - Q
  - E
  - Q
  - Q
  - R
  - Q
  - W
  - Q
  - W
  - R
  - W
  - W
  - E
  - E
  - R
  - E
  - E
skillMaxPriority: QWE
