---
source: src/engine/corpus.rs
expression: rec
---
selfChampion: Ornn
buildPath:
  - itemId: 3068
    name: Sunfire Aegis
    cost: 2700
    owned: true
    reason: Core on Ornn — your reliable power-spike anchor.
  - itemId: 3111
    name: "Mercury's Treads"
    cost: 1200
    owned: false
    reason: "Counters Syndra, Brand and 3 others (mostly magic damage) — most of their damage is magic."
  - itemId: 4401
    name: Force of Nature
    cost: 2900
    owned: false
    reason: "Counters Syndra, Brand and 3 others (mostly magic damage) — most of their damage is magic."
  - itemId: 3065
    name: Spirit Visage
    cost: 2900
    owned: false
    reason: "Counters Syndra, Brand and 3 others (mostly magic damage) — most of their damage is magic."
  - itemId: 3001
    name: Abyssal Mask
    cost: 2700
    owned: false
    reason: "Counters Syndra, Brand and 3 others (mostly magic damage) — most of their damage is magic."
  - itemId: 6665
    name: "Jak'Sho, The Protean"
    cost: 3200
    owned: false
    reason: "Counters Syndra, Brand and 3 others (mostly magic damage) — most of their damage is magic."
swaps:
  - trigger: If magic damage piles up
    itemId: 2055
    name: Kaenic Rookern
    reason: "Counters Syndra, Brand and 3 others (mostly magic damage) — most of their damage is magic."
threats:
  - champion: Syndra
    archetype: burst-mage
    signals:
      - fed
      - hard-cc
    items:
      - 6655
    durability: ~
  - champion: Brand
    archetype: battlemage
    signals:
      - hard-cc
    items:
      - 6653
    durability: ~
  - champion: Annie
    archetype: burst-mage
    signals:
      - hard-cc
    items:
      - 3157
    durability: ~
  - champion: Veigar
    archetype: burst-mage
    signals:
      - fed
      - hard-cc
    items:
      - 3089
    durability: ~
  - champion: Ahri
    archetype: burst-mage
    signals:
      - fed
      - mobility
    items:
      - 3135
    durability: ~
enemyItems:
  - id: 6655
    name: "Luden's Companion"
    intents:
      - burst_amp
      - ability_haste
    owners:
      - Syndra
    countersYou: false
    countersYouReason: ~
    counterHint: ~
  - id: 6653
    name: "Liandry's Torment"
    intents:
      - percent_hp_damage
      - burst_amp
    owners:
      - Brand
    countersYou: false
    countersYouReason: ~
    counterHint: ~
  - id: 3157
    name: "Zhonya's Hourglass"
    intents:
      - stasis_survival
      - armor_self
      - burst_amp
    owners:
      - Annie
    countersYou: true
    countersYouReason: Can dodge your burst (stasis).
    counterHint: ~
  - id: 3089
    name: "Rabadon's Deathcap"
    intents:
      - burst_amp
    owners:
      - Veigar
    countersYou: false
    countersYouReason: ~
    counterHint: ~
  - id: 3135
    name: Void Staff
    intents:
      - magic_pen_percent
    owners:
      - Ahri
    countersYou: false
    countersYouReason: ~
    counterHint: ~
focus:
  - champion: Syndra
    priority: primary
    reason: "Lock down Syndra for your team — they're fed and snowballing."
  - champion: Veigar
    priority: secondary
    reason: "Lock down Veigar for your team — they're fed and snowballing."
skill: ~
abilityRanks:
  q: 0
  w: 0
  e: 0
  r: 0
