---
source: src/engine/corpus.rs
expression: rec
---
selfChampion: Sett
buildPath:
  - itemId: 6610
    name: Sundered Sky
    cost: 3100
    owned: false
    reason: Core on Sett — your reliable power-spike anchor.
  - itemId: 3111
    name: "Mercury's Treads"
    cost: 1200
    owned: false
    reason: "Counters Aatrox, Warwick and Darius (heavy crowd control) — survives their chain CC."
  - itemId: 3075
    name: Thornmail
    cost: 2700
    owned: false
    reason: "Counters Aatrox, Vladimir and 2 others (heavy healing) — cuts their healing."
  - itemId: 3065
    name: Spirit Visage
    cost: 2900
    owned: false
    reason: "Counters Aatrox, Warwick and Darius (heavy crowd control) — survives their chain CC."
  - itemId: 3156
    name: Maw of Malmortius
    cost: 3100
    owned: false
    reason: "Counters Aatrox, Warwick and Darius (heavy crowd control) — survives their chain CC."
  - itemId: 3053
    name: "Sterak's Gage"
    cost: 3200
    owned: false
    reason: Rounds out the build — strong general-purpose pick for this champion.
swaps: []
threats:
  - champion: Aatrox
    archetype: bruiser
    signals:
      - fed
      - has-sustain
      - hard-cc
    items:
      - 6630
    durability: ~
  - champion: Vladimir
    archetype: battlemage
    signals:
      - fed
      - has-sustain
      - mr-stacking
    items:
      - 3065
    durability: ~
  - champion: Soraka
    archetype: enchanter
    signals: []
    items: []
    durability: ~
  - champion: Warwick
    archetype: bruiser
    signals:
      - fed
      - has-sustain
      - hard-cc
      - mobility
    items:
      - 3072
    durability: ~
  - champion: Darius
    archetype: juggernaut
    signals:
      - has-sustain
      - hard-cc
    items:
      - 6630
    durability: ~
enemyItems:
  - id: 6630
    name: Goredrinker
    intents:
      - omnivamp
      - sustain
    owners:
      - Aatrox
      - Darius
    countersYou: false
    countersYouReason: ~
    counterHint: Answer with anti-heal (Grievous Wounds).
  - id: 3065
    name: Spirit Visage
    intents:
      - mr_self
      - sustain
      - health_self
    owners:
      - Vladimir
    countersYou: false
    countersYouReason: ~
    counterHint: Answer with magic penetration.
  - id: 3072
    name: Bloodthirster
    intents:
      - lifesteal
      - spellshield
    owners:
      - Warwick
    countersYou: false
    countersYouReason: ~
    counterHint: Answer with anti-heal (Grievous Wounds).
focus:
  - champion: Vladimir
    priority: primary
    reason: "Pressure and dive Vladimir — they're fed and snowballing."
  - champion: Soraka
    priority: secondary
    reason: "Pressure and dive Soraka — a squishy, high-value target."
skill: ~
abilityRanks:
  q: 0
  w: 0
  e: 0
  r: 0
