---
source: src/engine/corpus.rs
assertion_line: 50
expression: rec
---
selfChampion: Ahri
buildPath:
  - itemId: 6655
    name: "Luden's Echo"
    cost: 2900
    owned: true
    reason: Core on Ahri — your reliable power-spike anchor.
  - itemId: 3111
    name: "Mercury's Treads"
    cost: 1200
    owned: false
    reason: "Counters Darius, Vi and Leona (heavy crowd control) — survives their chain CC."
  - itemId: 3157
    name: "Zhonya's Hourglass"
    cost: 3250
    owned: false
    reason: Counters Zed (a fed assassin) — negates the all-in window.
  - itemId: 3102
    name: "Banshee's Veil"
    cost: 3100
    owned: false
    reason: Counters Zed (a fed assassin) — negates the all-in window.
  - itemId: 3137
    name: Cryptbloom
    cost: 2850
    owned: false
    reason: Counters Darius (heavy healing) — cuts their healing.
  - itemId: 3165
    name: Morellonomicon
    cost: 2200
    owned: false
    reason: Counters Darius (heavy healing) — cuts their healing.
swaps: []
threats:
  - champion: Zed
    archetype: assassin
    signals:
      - fed
      - lethality
      - mobility
    items:
      - 6692
      - 3158
    durability: ~
  - champion: Darius
    archetype: juggernaut
    signals:
      - fed
      - has-sustain
      - armor-stacking
      - hard-cc
    items:
      - 6630
      - 3047
    durability: ~
  - champion: Vi
    archetype: bruiser
    signals:
      - hard-cc
      - mobility
    items:
      - 3071
    durability: ~
  - champion: Kaisa
    archetype: marksman
    signals:
      - mobility
    items:
      - 3124
    durability: ~
  - champion: Leona
    archetype: catcher
    signals:
      - hard-cc
    items:
      - 3869
    durability: ~
enemyItems:
  - id: 6692
    name: Eclipse
    intents:
      - lethality
    owners:
      - Zed
    countersYou: false
    countersYouReason: ~
    counterHint: Answer with armor or a stasis item.
  - id: 3158
    name: Ionian Boots of Lucidity
    intents:
      - ability_haste
    owners:
      - Zed
    countersYou: false
    countersYouReason: ~
    counterHint: ~
  - id: 6630
    name: Goredrinker
    intents:
      - omnivamp
      - sustain
    owners:
      - Darius
    countersYou: false
    countersYouReason: ~
    counterHint: Answer with anti-heal (Grievous Wounds).
  - id: 3047
    name: Plated Steelcaps
    intents:
      - armor_self
    owners:
      - Darius
    countersYou: false
    countersYouReason: ~
    counterHint: Answer with armor penetration.
  - id: 3071
    name: Black Cleaver
    intents:
      - armor_pen_percent
      - health_self
    owners:
      - Vi
    countersYou: false
    countersYouReason: ~
    counterHint: ~
  - id: 3124
    name: "Guinsoo's Rageblade"
    intents:
      - on_hit
    owners:
      - Kaisa
    countersYou: false
    countersYouReason: ~
    counterHint: ~
  - id: 3869
    name: Celestial Opposition
    intents: []
    owners:
      - Leona
    countersYou: false
    countersYouReason: ~
    counterHint: ~
focus:
  - champion: Zed
    priority: primary
    reason: "Delete Zed — they're fed and snowballing."
  - champion: Kaisa
    priority: secondary
    reason: Delete Kaisa — their squishiest high-value carry.
skill:
  slot: W
  abilityName: Fox-Fire
  pointAvailable: false
  atLevel: 10
  reason: Max Fox-Fire next.
abilityRanks:
  q: 5
  w: 2
  e: 1
  r: 1
